Archive member included because of file (symbol)

/data/pace/scratch03/tractp1/hardware/altera/testing/software/bsp//libhal_bsp.a(alt_load.o)
                              /data/pace/scratch03/tractp1/hardware/altera/testing/software/bsp//obj/HAL/src/crt0.o (alt_load)
/data/pace/scratch03/tractp1/hardware/altera/testing/software/bsp//libhal_bsp.a(alt_main.o)
                              /data/pace/scratch03/tractp1/hardware/altera/testing/software/bsp//obj/HAL/src/crt0.o (alt_main)
/data/pace/scratch03/tractp1/hardware/altera/testing/software/bsp//libhal_bsp.a(alt_putstr.o)
                              obj/default/hello_world_small.o (alt_putstr)
/data/pace/scratch03/tractp1/hardware/altera/testing/software/bsp//libhal_bsp.a(alt_sys_init.o)
                              /data/pace/scratch03/tractp1/hardware/altera/testing/software/bsp//libhal_bsp.a(alt_main.o) (alt_irq_init)
/data/pace/scratch03/tractp1/hardware/altera/testing/software/bsp//libhal_bsp.a(altera_avalon_jtag_uart_write.o)
                              /data/pace/scratch03/tractp1/hardware/altera/testing/software/bsp//libhal_bsp.a(alt_putstr.o) (altera_avalon_jtag_uart_write)
/data/pace/scratch03/tractp1/hardware/altera/testing/software/bsp//libhal_bsp.a(alt_dcache_flush_all.o)
                              /data/pace/scratch03/tractp1/hardware/altera/testing/software/bsp//libhal_bsp.a(alt_load.o) (alt_dcache_flush_all)
/data/pace/scratch03/tractp1/hardware/altera/testing/software/bsp//libhal_bsp.a(alt_icache_flush_all.o)
                              /data/pace/scratch03/tractp1/hardware/altera/testing/software/bsp//libhal_bsp.a(alt_load.o) (alt_icache_flush_all)
/data/pace/scratch03/tractp1/hardware/altera/testing/software/bsp//libhal_bsp.a(altera_nios2_qsys_irq.o)
                              /data/pace/scratch03/tractp1/hardware/altera/testing/software/bsp//libhal_bsp.a(alt_sys_init.o) (altera_nios2_qsys_irq_init)
/data/pace/scratch03/tractp1/hardware/altera/testing/software/bsp//libhal_bsp.a(alt_icache_flush.o)
                              /data/pace/scratch03/tractp1/hardware/altera/testing/software/bsp//libhal_bsp.a(alt_icache_flush_all.o) (alt_icache_flush)
/data/pace/scratch03/tractp1/altera/13.1/nios2eds/bin/gnu/H-i686-pc-linux-gnu/bin/../lib/gcc/nios2-elf/4.7.3/../../../../../H-i686-pc-linux-gnu/nios2-elf/lib/libsmallc.a(lib_a-strlen.o)
                              /data/pace/scratch03/tractp1/hardware/altera/testing/software/bsp//libhal_bsp.a(alt_putstr.o) (strlen)

Memory Configuration

Name             Origin             Length             Attributes
reset            0x00010000         0x00000020
MEMORY           0x00010020         0x0000ffdf
*default*        0x00000000         0xffffffff

Linker script and memory map

LOAD /data/pace/scratch03/tractp1/hardware/altera/testing/software/bsp//obj/HAL/src/crt0.o
LOAD obj/default/hello_world_small.o
LOAD /data/pace/scratch03/tractp1/altera/13.1/nios2eds/bin/gnu/H-i686-pc-linux-gnu/bin/../lib/gcc/nios2-elf/4.7.3/../../../../../H-i686-pc-linux-gnu/nios2-elf/lib/libstdc++.a
LOAD /data/pace/scratch03/tractp1/altera/13.1/nios2eds/bin/gnu/H-i686-pc-linux-gnu/bin/../lib/gcc/nios2-elf/4.7.3/../../../../../H-i686-pc-linux-gnu/nios2-elf/lib/libm.a
LOAD /data/pace/scratch03/tractp1/altera/13.1/nios2eds/bin/gnu/H-i686-pc-linux-gnu/bin/../lib/gcc/nios2-elf/4.7.3/libgcc.a
START GROUP
LOAD /data/pace/scratch03/tractp1/altera/13.1/nios2eds/bin/gnu/H-i686-pc-linux-gnu/bin/../lib/gcc/nios2-elf/4.7.3/../../../../../H-i686-pc-linux-gnu/nios2-elf/lib/libsmallc.a
LOAD /data/pace/scratch03/tractp1/altera/13.1/nios2eds/bin/gnu/H-i686-pc-linux-gnu/bin/../lib/gcc/nios2-elf/4.7.3/libgcc.a
LOAD /data/pace/scratch03/tractp1/hardware/altera/testing/software/bsp//libhal_bsp.a
END GROUP
LOAD /data/pace/scratch03/tractp1/altera/13.1/nios2eds/bin/gnu/H-i686-pc-linux-gnu/bin/../lib/gcc/nios2-elf/4.7.3/libgcc.a
                0x00010000                __alt_mem_MEMORY = 0x10000

.entry          0x00010000       0x20
 *(.entry)
 .entry         0x00010000       0x20 /data/pace/scratch03/tractp1/hardware/altera/testing/software/bsp//obj/HAL/src/crt0.o
                0x00010000                __reset
                0x0001001c                _exit

.exceptions     0x00010020        0x0
                0x00010020                PROVIDE (__ram_exceptions_start, ABSOLUTE (.))
                0x00010020                . = ALIGN (0x20)
 *(.irq)
 *(.exceptions.entry.label)
 *(.exceptions.entry.user)
 *(.exceptions.entry.ecc_fatal)
 *(.exceptions.entry)
 *(.exceptions.irqtest.user)
 *(.exceptions.irqtest)
 *(.exceptions.irqhandler.user)
 *(.exceptions.irqhandler)
 *(.exceptions.irqreturn.user)
 *(.exceptions.irqreturn)
 *(.exceptions.notirq.label)
 *(.exceptions.notirq.user)
 *(.exceptions.notirq)
 *(.exceptions.soft.user)
 *(.exceptions.soft)
 *(.exceptions.unknown.user)
 *(.exceptions.unknown)
 *(.exceptions.exit.label)
 *(.exceptions.exit.user)
 *(.exceptions.exit)
 *(.exceptions)
                0x00010020                PROVIDE (__ram_exceptions_end, ABSOLUTE (.))
                0x00010020                PROVIDE (__flash_exceptions_start, LOADADDR (.exceptions))

.text           0x00010020      0x2e4
                0x00010020                PROVIDE (stext, ABSOLUTE (.))
 *(.interp)
 *(.hash)
 *(.dynsym)
 *(.dynstr)
 *(.gnu.version)
 *(.gnu.version_d)
 *(.gnu.version_r)
 *(.rel.init)
 *(.rela.init)
 *(.rel.text .rel.text.* .rel.gnu.linkonce.t.*)
 *(.rela.text .rela.text.* .rela.gnu.linkonce.t.*)
 *(.rel.fini)
 *(.rela.fini)
 *(.rel.rodata .rel.rodata.* .rel.gnu.linkonce.r.*)
 *(.rela.rodata .rela.rodata.* .rela.gnu.linkonce.r.*)
 *(.rel.data .rel.data.* .rel.gnu.linkonce.d.*)
 *(.rela.data .rela.data.* .rela.gnu.linkonce.d.*)
 *(.rel.tdata .rel.tdata.* .rel.gnu.linkonce.td.*)
 *(.rela.tdata .rela.tdata.* .rela.gnu.linkonce.td.*)
 *(.rel.tbss .rel.tbss.* .rel.gnu.linkonce.tb.*)
 *(.rela.tbss .rela.tbss.* .rela.gnu.linkonce.tb.*)
 *(.rel.ctors)
 *(.rela.ctors)
 *(.rel.dtors)
 *(.rela.dtors)
 *(.rel.got)
 *(.rela.got)
 *(.rel.sdata .rel.sdata.* .rel.gnu.linkonce.s.*)
 *(.rela.sdata .rela.sdata.* .rela.gnu.linkonce.s.*)
 *(.rel.sbss .rel.sbss.* .rel.gnu.linkonce.sb.*)
 *(.rela.sbss .rela.sbss.* .rela.gnu.linkonce.sb.*)
 *(.rel.sdata2 .rel.sdata2.* .rel.gnu.linkonce.s2.*)
 *(.rela.sdata2 .rela.sdata2.* .rela.gnu.linkonce.s2.*)
 *(.rel.sbss2 .rel.sbss2.* .rel.gnu.linkonce.sb2.*)
 *(.rela.sbss2 .rela.sbss2.* .rela.gnu.linkonce.sb2.*)
 *(.rel.bss .rel.bss.* .rel.gnu.linkonce.b.*)
 *(.rela.bss .rela.bss.* .rela.gnu.linkonce.b.*)
 *(.rel.plt)
 *(.rela.plt)
 *(.rel.dyn)
 *(.init)
 *(.plt)
 *(.text .stub .text.* .gnu.linkonce.t.*)
 .text          0x00010020       0x3c /data/pace/scratch03/tractp1/hardware/altera/testing/software/bsp//obj/HAL/src/crt0.o
                0x00010020                _start
 .text          0x0001005c        0x0 obj/default/hello_world_small.o
 .text.startup  0x0001005c       0x70 obj/default/hello_world_small.o
                0x0001005c                main
 .text          0x000100cc      0x104 /data/pace/scratch03/tractp1/hardware/altera/testing/software/bsp//libhal_bsp.a(alt_load.o)
                0x000100cc                alt_load
 .text          0x000101d0       0x2c /data/pace/scratch03/tractp1/hardware/altera/testing/software/bsp//libhal_bsp.a(alt_main.o)
                0x000101d0                alt_main
 .text          0x000101fc       0x38 /data/pace/scratch03/tractp1/hardware/altera/testing/software/bsp//libhal_bsp.a(alt_putstr.o)
                0x000101fc                alt_putstr
 .text          0x00010234       0x24 /data/pace/scratch03/tractp1/hardware/altera/testing/software/bsp//libhal_bsp.a(alt_sys_init.o)
                0x00010234                alt_irq_init
                0x00010254                alt_sys_init
 .text          0x00010258       0x34 /data/pace/scratch03/tractp1/hardware/altera/testing/software/bsp//libhal_bsp.a(altera_avalon_jtag_uart_write.o)
                0x00010258                altera_avalon_jtag_uart_write
 .text          0x0001028c        0x4 /data/pace/scratch03/tractp1/hardware/altera/testing/software/bsp//libhal_bsp.a(alt_dcache_flush_all.o)
                0x0001028c                alt_dcache_flush_all
 .text          0x00010290        0xc /data/pace/scratch03/tractp1/hardware/altera/testing/software/bsp//libhal_bsp.a(alt_icache_flush_all.o)
                0x00010290                alt_icache_flush_all
 .text          0x0001029c        0x8 /data/pace/scratch03/tractp1/hardware/altera/testing/software/bsp//libhal_bsp.a(altera_nios2_qsys_irq.o)
                0x0001029c                altera_nios2_qsys_irq_init
 .text          0x000102a4       0x38 /data/pace/scratch03/tractp1/hardware/altera/testing/software/bsp//libhal_bsp.a(alt_icache_flush.o)
                0x000102a4                alt_icache_flush
 .text          0x000102dc       0x28 /data/pace/scratch03/tractp1/altera/13.1/nios2eds/bin/gnu/H-i686-pc-linux-gnu/bin/../lib/gcc/nios2-elf/4.7.3/../../../../../H-i686-pc-linux-gnu/nios2-elf/lib/libsmallc.a(lib_a-strlen.o)
                0x000102dc                strlen
 *(.gnu.warning.*)
 *(.fini)
                0x00010304                PROVIDE (__etext, ABSOLUTE (.))
                0x00010304                PROVIDE (_etext, ABSOLUTE (.))
                0x00010304                PROVIDE (etext, ABSOLUTE (.))
 *(.eh_frame_hdr)
                0x00010304                . = ALIGN (0x4)
                0x00010304                PROVIDE (__preinit_array_start, ABSOLUTE (.))
 *(.preinit_array)
                0x00010304                PROVIDE (__preinit_array_end, ABSOLUTE (.))
                0x00010304                PROVIDE (__init_array_start, ABSOLUTE (.))
 *(.init_array)
                0x00010304                PROVIDE (__init_array_end, ABSOLUTE (.))
                0x00010304                PROVIDE (__fini_array_start, ABSOLUTE (.))
 *(.fini_array)
                0x00010304                PROVIDE (__fini_array_end, ABSOLUTE (.))
 *(.eh_frame)
 *(.gcc_except_table .gcc_except_table.*)
 *(.dynamic)
                0x00010304                PROVIDE (__CTOR_LIST__, ABSOLUTE (.))
 *(.ctors)
 *(SORT(.ctors.*))
                0x00010304                PROVIDE (__CTOR_END__, ABSOLUTE (.))
                0x00010304                PROVIDE (__DTOR_LIST__, ABSOLUTE (.))
 *(.dtors)
 *(SORT(.dtors.*))
                0x00010304                PROVIDE (__DTOR_END__, ABSOLUTE (.))
 *(.jcr)
                0x00010304                . = ALIGN (0x4)

.rodata         0x00010304       0x10
                0x00010304                PROVIDE (__ram_rodata_start, ABSOLUTE (.))
                0x00010304                . = ALIGN (0x4)
 *(.rodata .rodata.* .gnu.linkonce.r.*)
 .rodata.str1.4
                0x00010304       0x10 obj/default/hello_world_small.o
 *(.rodata1)
                0x00010314                . = ALIGN (0x4)
                0x00010314                PROVIDE (__ram_rodata_end, ABSOLUTE (.))
                0x00010304                PROVIDE (__flash_rodata_start, LOADADDR (.rodata))

.rwdata         0x00010314        0x4 load address 0x00010318
                0x00010314                PROVIDE (__ram_rwdata_start, ABSOLUTE (.))
                0x00010314                . = ALIGN (0x4)
 *(.got.plt)
 *(.got)
 *(.data1)
 *(.data .data.* .gnu.linkonce.d.*)
 .data          0x00010314        0x0 /data/pace/scratch03/tractp1/hardware/altera/testing/software/bsp//obj/HAL/src/crt0.o
 .data          0x00010314        0x0 obj/default/hello_world_small.o
 .data          0x00010314        0x0 /data/pace/scratch03/tractp1/hardware/altera/testing/software/bsp//libhal_bsp.a(alt_load.o)
 .data          0x00010314        0x0 /data/pace/scratch03/tractp1/hardware/altera/testing/software/bsp//libhal_bsp.a(alt_main.o)
 .data          0x00010314        0x0 /data/pace/scratch03/tractp1/hardware/altera/testing/software/bsp//libhal_bsp.a(alt_putstr.o)
 .data          0x00010314        0x0 /data/pace/scratch03/tractp1/hardware/altera/testing/software/bsp//libhal_bsp.a(alt_sys_init.o)
 .data          0x00010314        0x0 /data/pace/scratch03/tractp1/hardware/altera/testing/software/bsp//libhal_bsp.a(altera_avalon_jtag_uart_write.o)
 .data          0x00010314        0x0 /data/pace/scratch03/tractp1/hardware/altera/testing/software/bsp//libhal_bsp.a(alt_dcache_flush_all.o)
 .data          0x00010314        0x0 /data/pace/scratch03/tractp1/hardware/altera/testing/software/bsp//libhal_bsp.a(alt_icache_flush_all.o)
 .data          0x00010314        0x0 /data/pace/scratch03/tractp1/hardware/altera/testing/software/bsp//libhal_bsp.a(altera_nios2_qsys_irq.o)
 .data          0x00010314        0x0 /data/pace/scratch03/tractp1/hardware/altera/testing/software/bsp//libhal_bsp.a(alt_icache_flush.o)
 .data          0x00010314        0x0 /data/pace/scratch03/tractp1/altera/13.1/nios2eds/bin/gnu/H-i686-pc-linux-gnu/bin/../lib/gcc/nios2-elf/4.7.3/../../../../../H-i686-pc-linux-gnu/nios2-elf/lib/libsmallc.a(lib_a-strlen.o)
                0x00018314                _gp = ABSOLUTE ((. + 0x8000))
                0x00018314                PROVIDE (gp, _gp)
 *(.rwdata .rwdata.*)
 *(.sdata .sdata.* .gnu.linkonce.s.*)
 .sdata         0x00010314        0x4 /data/pace/scratch03/tractp1/hardware/altera/testing/software/bsp//libhal_bsp.a(alt_sys_init.o)
                0x00010314                jtag_uart_0
 *(.sdata2 .sdata2.* .gnu.linkonce.s2.*)
                0x00010318                . = ALIGN (0x4)
                0x00010318                _edata = ABSOLUTE (.)
                0x00010318                PROVIDE (edata, ABSOLUTE (.))
                0x00010318                PROVIDE (__ram_rwdata_end, ABSOLUTE (.))
                0x00010318                PROVIDE (__flash_rwdata_start, LOADADDR (.rwdata))

.bss            0x0001031c        0xc
                0x0001031c                __bss_start = ABSOLUTE (.)
                0x0001031c                PROVIDE (__sbss_start, ABSOLUTE (.))
                0x0001031c                PROVIDE (___sbss_start, ABSOLUTE (.))
 *(.dynsbss)
 *(.sbss .sbss.* .gnu.linkonce.sb.*)
 .sbss          0x0001031c        0xc /data/pace/scratch03/tractp1/hardware/altera/testing/software/bsp//libhal_bsp.a(alt_main.o)
                0x0001031c                alt_envp
                0x00010320                alt_argv
                0x00010324                alt_argc
 *(.sbss2 .sbss2.* .gnu.linkonce.sb2.*)
 *(.scommon)
                0x00010328                PROVIDE (__sbss_end, ABSOLUTE (.))
                0x00010328                PROVIDE (___sbss_end, ABSOLUTE (.))
 *(.dynbss)
 *(.bss .bss.* .gnu.linkonce.b.*)
 .bss           0x00010328        0x0 /data/pace/scratch03/tractp1/hardware/altera/testing/software/bsp//obj/HAL/src/crt0.o
 .bss           0x00010328        0x0 obj/default/hello_world_small.o
 .bss           0x00010328        0x0 /data/pace/scratch03/tractp1/hardware/altera/testing/software/bsp//libhal_bsp.a(alt_load.o)
 .bss           0x00010328        0x0 /data/pace/scratch03/tractp1/hardware/altera/testing/software/bsp//libhal_bsp.a(alt_main.o)
 .bss           0x00010328        0x0 /data/pace/scratch03/tractp1/hardware/altera/testing/software/bsp//libhal_bsp.a(alt_putstr.o)
 .bss           0x00010328        0x0 /data/pace/scratch03/tractp1/hardware/altera/testing/software/bsp//libhal_bsp.a(alt_sys_init.o)
 .bss           0x00010328        0x0 /data/pace/scratch03/tractp1/hardware/altera/testing/software/bsp//libhal_bsp.a(altera_avalon_jtag_uart_write.o)
 .bss           0x00010328        0x0 /data/pace/scratch03/tractp1/hardware/altera/testing/software/bsp//libhal_bsp.a(alt_dcache_flush_all.o)
 .bss           0x00010328        0x0 /data/pace/scratch03/tractp1/hardware/altera/testing/software/bsp//libhal_bsp.a(alt_icache_flush_all.o)
 .bss           0x00010328        0x0 /data/pace/scratch03/tractp1/hardware/altera/testing/software/bsp//libhal_bsp.a(altera_nios2_qsys_irq.o)
 .bss           0x00010328        0x0 /data/pace/scratch03/tractp1/hardware/altera/testing/software/bsp//libhal_bsp.a(alt_icache_flush.o)
 .bss           0x00010328        0x0 /data/pace/scratch03/tractp1/altera/13.1/nios2eds/bin/gnu/H-i686-pc-linux-gnu/bin/../lib/gcc/nios2-elf/4.7.3/../../../../../H-i686-pc-linux-gnu/nios2-elf/lib/libsmallc.a(lib_a-strlen.o)
 *(COMMON)
                0x00010328                . = ALIGN (0x4)
                0x00010328                __bss_end = ABSOLUTE (.)

.MEMORY         0x00010328        0x0
                0x00010328                PROVIDE (_alt_partition_MEMORY_start, ABSOLUTE (.))
 *(.MEMORY .MEMORY. MEMORY.*)
                0x00010328                . = ALIGN (0x4)
                0x00010328                PROVIDE (_alt_partition_MEMORY_end, ABSOLUTE (.))
                0x00010328                _end = ABSOLUTE (.)
                0x00010328                end = ABSOLUTE (.)
                0x00010328                __alt_stack_base = ABSOLUTE (.)
                0x00010328                PROVIDE (_alt_partition_MEMORY_load_addr, LOADADDR (.MEMORY))

.stab
 *(.stab)

.stabstr
 *(.stabstr)

.stab.excl
 *(.stab.excl)

.stab.exclstr
 *(.stab.exclstr)

.stab.index
 *(.stab.index)

.stab.indexstr
 *(.stab.indexstr)

.comment        0x00000000       0x23
 *(.comment)
 .comment       0x00000000       0x23 obj/default/hello_world_small.o
                                 0x24 (size before relaxing)
 .comment       0x00000000       0x24 /data/pace/scratch03/tractp1/hardware/altera/testing/software/bsp//libhal_bsp.a(alt_load.o)
 .comment       0x00000000       0x24 /data/pace/scratch03/tractp1/hardware/altera/testing/software/bsp//libhal_bsp.a(alt_main.o)
 .comment       0x00000000       0x24 /data/pace/scratch03/tractp1/hardware/altera/testing/software/bsp//libhal_bsp.a(alt_putstr.o)
 .comment       0x00000000       0x24 /data/pace/scratch03/tractp1/hardware/altera/testing/software/bsp//libhal_bsp.a(alt_sys_init.o)
 .comment       0x00000000       0x24 /data/pace/scratch03/tractp1/hardware/altera/testing/software/bsp//libhal_bsp.a(altera_avalon_jtag_uart_write.o)
 .comment       0x00000000       0x24 /data/pace/scratch03/tractp1/hardware/altera/testing/software/bsp//libhal_bsp.a(alt_dcache_flush_all.o)
 .comment       0x00000000       0x24 /data/pace/scratch03/tractp1/hardware/altera/testing/software/bsp//libhal_bsp.a(alt_icache_flush_all.o)
 .comment       0x00000000       0x24 /data/pace/scratch03/tractp1/hardware/altera/testing/software/bsp//libhal_bsp.a(altera_nios2_qsys_irq.o)
 .comment       0x00000000       0x24 /data/pace/scratch03/tractp1/hardware/altera/testing/software/bsp//libhal_bsp.a(alt_icache_flush.o)
 .comment       0x00000000       0x24 /data/pace/scratch03/tractp1/altera/13.1/nios2eds/bin/gnu/H-i686-pc-linux-gnu/bin/../lib/gcc/nios2-elf/4.7.3/../../../../../H-i686-pc-linux-gnu/nios2-elf/lib/libsmallc.a(lib_a-strlen.o)

.debug
 *(.debug)

.line
 *(.line)

.debug_srcinfo
 *(.debug_srcinfo)

.debug_sfnames
 *(.debug_sfnames)

.debug_aranges  0x00000000      0x188
 *(.debug_aranges)
 .debug_aranges
                0x00000000       0x28 /data/pace/scratch03/tractp1/hardware/altera/testing/software/bsp//obj/HAL/src/crt0.o
 .debug_aranges
                0x00000028       0x20 obj/default/hello_world_small.o
 .debug_aranges
                0x00000048       0x20 /data/pace/scratch03/tractp1/hardware/altera/testing/software/bsp//libhal_bsp.a(alt_load.o)
 .debug_aranges
                0x00000068       0x20 /data/pace/scratch03/tractp1/hardware/altera/testing/software/bsp//libhal_bsp.a(alt_main.o)
 .debug_aranges
                0x00000088       0x20 /data/pace/scratch03/tractp1/hardware/altera/testing/software/bsp//libhal_bsp.a(alt_putstr.o)
 .debug_aranges
                0x000000a8       0x20 /data/pace/scratch03/tractp1/hardware/altera/testing/software/bsp//libhal_bsp.a(alt_sys_init.o)
 .debug_aranges
                0x000000c8       0x20 /data/pace/scratch03/tractp1/hardware/altera/testing/software/bsp//libhal_bsp.a(altera_avalon_jtag_uart_write.o)
 .debug_aranges
                0x000000e8       0x20 /data/pace/scratch03/tractp1/hardware/altera/testing/software/bsp//libhal_bsp.a(alt_dcache_flush_all.o)
 .debug_aranges
                0x00000108       0x20 /data/pace/scratch03/tractp1/hardware/altera/testing/software/bsp//libhal_bsp.a(alt_icache_flush_all.o)
 .debug_aranges
                0x00000128       0x20 /data/pace/scratch03/tractp1/hardware/altera/testing/software/bsp//libhal_bsp.a(altera_nios2_qsys_irq.o)
 .debug_aranges
                0x00000148       0x20 /data/pace/scratch03/tractp1/hardware/altera/testing/software/bsp//libhal_bsp.a(alt_icache_flush.o)
 .debug_aranges
                0x00000168       0x20 /data/pace/scratch03/tractp1/altera/13.1/nios2eds/bin/gnu/H-i686-pc-linux-gnu/bin/../lib/gcc/nios2-elf/4.7.3/../../../../../H-i686-pc-linux-gnu/nios2-elf/lib/libsmallc.a(lib_a-strlen.o)

.debug_pubnames
 *(.debug_pubnames)

.debug_info     0x00000000      0xd7b
 *(.debug_info .gnu.linkonce.wi.*)
 .debug_info    0x00000000       0x76 /data/pace/scratch03/tractp1/hardware/altera/testing/software/bsp//obj/HAL/src/crt0.o
 .debug_info    0x00000076      0x18c obj/default/hello_world_small.o
 .debug_info    0x00000202      0x1b5 /data/pace/scratch03/tractp1/hardware/altera/testing/software/bsp//libhal_bsp.a(alt_load.o)
 .debug_info    0x000003b7      0x194 /data/pace/scratch03/tractp1/hardware/altera/testing/software/bsp//libhal_bsp.a(alt_main.o)
 .debug_info    0x0000054b      0x171 /data/pace/scratch03/tractp1/hardware/altera/testing/software/bsp//libhal_bsp.a(alt_putstr.o)
 .debug_info    0x000006bc      0x193 /data/pace/scratch03/tractp1/hardware/altera/testing/software/bsp//libhal_bsp.a(alt_sys_init.o)
 .debug_info    0x0000084f      0x1a0 /data/pace/scratch03/tractp1/hardware/altera/testing/software/bsp//libhal_bsp.a(altera_avalon_jtag_uart_write.o)
 .debug_info    0x000009ef       0x8f /data/pace/scratch03/tractp1/hardware/altera/testing/software/bsp//libhal_bsp.a(alt_dcache_flush_all.o)
 .debug_info    0x00000a7e       0xcd /data/pace/scratch03/tractp1/hardware/altera/testing/software/bsp//libhal_bsp.a(alt_icache_flush_all.o)
 .debug_info    0x00000b4b       0x8f /data/pace/scratch03/tractp1/hardware/altera/testing/software/bsp//libhal_bsp.a(altera_nios2_qsys_irq.o)
 .debug_info    0x00000bda       0xdb /data/pace/scratch03/tractp1/hardware/altera/testing/software/bsp//libhal_bsp.a(alt_icache_flush.o)
 .debug_info    0x00000cb5       0xc6 /data/pace/scratch03/tractp1/altera/13.1/nios2eds/bin/gnu/H-i686-pc-linux-gnu/bin/../lib/gcc/nios2-elf/4.7.3/../../../../../H-i686-pc-linux-gnu/nios2-elf/lib/libsmallc.a(lib_a-strlen.o)

.debug_abbrev   0x00000000      0x7b2
 *(.debug_abbrev)
 .debug_abbrev  0x00000000       0x12 /data/pace/scratch03/tractp1/hardware/altera/testing/software/bsp//obj/HAL/src/crt0.o
 .debug_abbrev  0x00000012       0xc6 obj/default/hello_world_small.o
 .debug_abbrev  0x000000d8       0xd6 /data/pace/scratch03/tractp1/hardware/altera/testing/software/bsp//libhal_bsp.a(alt_load.o)
 .debug_abbrev  0x000001ae      0x120 /data/pace/scratch03/tractp1/hardware/altera/testing/software/bsp//libhal_bsp.a(alt_main.o)
 .debug_abbrev  0x000002ce       0xe2 /data/pace/scratch03/tractp1/hardware/altera/testing/software/bsp//libhal_bsp.a(alt_putstr.o)
 .debug_abbrev  0x000003b0      0x105 /data/pace/scratch03/tractp1/hardware/altera/testing/software/bsp//libhal_bsp.a(alt_sys_init.o)
 .debug_abbrev  0x000004b5       0xd5 /data/pace/scratch03/tractp1/hardware/altera/testing/software/bsp//libhal_bsp.a(altera_avalon_jtag_uart_write.o)
 .debug_abbrev  0x0000058a       0x42 /data/pace/scratch03/tractp1/hardware/altera/testing/software/bsp//libhal_bsp.a(alt_dcache_flush_all.o)
 .debug_abbrev  0x000005cc       0x8a /data/pace/scratch03/tractp1/hardware/altera/testing/software/bsp//libhal_bsp.a(alt_icache_flush_all.o)
 .debug_abbrev  0x00000656       0x42 /data/pace/scratch03/tractp1/hardware/altera/testing/software/bsp//libhal_bsp.a(altera_nios2_qsys_irq.o)
 .debug_abbrev  0x00000698       0x9b /data/pace/scratch03/tractp1/hardware/altera/testing/software/bsp//libhal_bsp.a(alt_icache_flush.o)
 .debug_abbrev  0x00000733       0x7f /data/pace/scratch03/tractp1/altera/13.1/nios2eds/bin/gnu/H-i686-pc-linux-gnu/bin/../lib/gcc/nios2-elf/4.7.3/../../../../../H-i686-pc-linux-gnu/nios2-elf/lib/libsmallc.a(lib_a-strlen.o)

.debug_line     0x00000000      0x971
 *(.debug_line)
 .debug_line    0x00000000       0x6c /data/pace/scratch03/tractp1/hardware/altera/testing/software/bsp//obj/HAL/src/crt0.o
 .debug_line    0x0000006c      0x108 obj/default/hello_world_small.o
 .debug_line    0x00000174       0xd6 /data/pace/scratch03/tractp1/hardware/altera/testing/software/bsp//libhal_bsp.a(alt_load.o)
 .debug_line    0x0000024a       0xbd /data/pace/scratch03/tractp1/hardware/altera/testing/software/bsp//libhal_bsp.a(alt_main.o)
 .debug_line    0x00000307      0x161 /data/pace/scratch03/tractp1/hardware/altera/testing/software/bsp//libhal_bsp.a(alt_putstr.o)
 .debug_line    0x00000468      0x101 /data/pace/scratch03/tractp1/hardware/altera/testing/software/bsp//libhal_bsp.a(alt_sys_init.o)
 .debug_line    0x00000569       0xf5 /data/pace/scratch03/tractp1/hardware/altera/testing/software/bsp//libhal_bsp.a(altera_avalon_jtag_uart_write.o)
 .debug_line    0x0000065e       0x4e /data/pace/scratch03/tractp1/hardware/altera/testing/software/bsp//libhal_bsp.a(alt_dcache_flush_all.o)
 .debug_line    0x000006ac       0x87 /data/pace/scratch03/tractp1/hardware/altera/testing/software/bsp//libhal_bsp.a(alt_icache_flush_all.o)
 .debug_line    0x00000733       0x50 /data/pace/scratch03/tractp1/hardware/altera/testing/software/bsp//libhal_bsp.a(altera_nios2_qsys_irq.o)
 .debug_line    0x00000783       0x7d /data/pace/scratch03/tractp1/hardware/altera/testing/software/bsp//libhal_bsp.a(alt_icache_flush.o)
 .debug_line    0x00000800      0x171 /data/pace/scratch03/tractp1/altera/13.1/nios2eds/bin/gnu/H-i686-pc-linux-gnu/bin/../lib/gcc/nios2-elf/4.7.3/../../../../../H-i686-pc-linux-gnu/nios2-elf/lib/libsmallc.a(lib_a-strlen.o)

.debug_frame    0x00000000      0x198
 *(.debug_frame)
 .debug_frame   0x00000000       0x28 obj/default/hello_world_small.o
 .debug_frame   0x00000028       0x28 /data/pace/scratch03/tractp1/hardware/altera/testing/software/bsp//libhal_bsp.a(alt_load.o)
 .debug_frame   0x00000050       0x28 /data/pace/scratch03/tractp1/hardware/altera/testing/software/bsp//libhal_bsp.a(alt_main.o)
 .debug_frame   0x00000078       0x28 /data/pace/scratch03/tractp1/hardware/altera/testing/software/bsp//libhal_bsp.a(alt_putstr.o)
 .debug_frame   0x000000a0       0x38 /data/pace/scratch03/tractp1/hardware/altera/testing/software/bsp//libhal_bsp.a(alt_sys_init.o)
 .debug_frame   0x000000d8       0x20 /data/pace/scratch03/tractp1/hardware/altera/testing/software/bsp//libhal_bsp.a(altera_avalon_jtag_uart_write.o)
 .debug_frame   0x000000f8       0x20 /data/pace/scratch03/tractp1/hardware/altera/testing/software/bsp//libhal_bsp.a(alt_dcache_flush_all.o)
 .debug_frame   0x00000118       0x20 /data/pace/scratch03/tractp1/hardware/altera/testing/software/bsp//libhal_bsp.a(alt_icache_flush_all.o)
 .debug_frame   0x00000138       0x20 /data/pace/scratch03/tractp1/hardware/altera/testing/software/bsp//libhal_bsp.a(altera_nios2_qsys_irq.o)
 .debug_frame   0x00000158       0x20 /data/pace/scratch03/tractp1/hardware/altera/testing/software/bsp//libhal_bsp.a(alt_icache_flush.o)
 .debug_frame   0x00000178       0x20 /data/pace/scratch03/tractp1/altera/13.1/nios2eds/bin/gnu/H-i686-pc-linux-gnu/bin/../lib/gcc/nios2-elf/4.7.3/../../../../../H-i686-pc-linux-gnu/nios2-elf/lib/libsmallc.a(lib_a-strlen.o)

.debug_str      0x00000000      0x597
 *(.debug_str)
 .debug_str     0x00000000      0x124 obj/default/hello_world_small.o
                                0x155 (size before relaxing)
 .debug_str     0x00000124      0x15e /data/pace/scratch03/tractp1/hardware/altera/testing/software/bsp//libhal_bsp.a(alt_load.o)
                                0x1fb (size before relaxing)
 .debug_str     0x00000282       0x8f /data/pace/scratch03/tractp1/hardware/altera/testing/software/bsp//libhal_bsp.a(alt_main.o)
                                0x174 (size before relaxing)
 .debug_str     0x00000311       0x6d /data/pace/scratch03/tractp1/hardware/altera/testing/software/bsp//libhal_bsp.a(alt_putstr.o)
                                0x158 (size before relaxing)
 .debug_str     0x0000037e       0x86 /data/pace/scratch03/tractp1/hardware/altera/testing/software/bsp//libhal_bsp.a(alt_sys_init.o)
                                0x1e5 (size before relaxing)
 .debug_str     0x00000404       0x38 /data/pace/scratch03/tractp1/hardware/altera/testing/software/bsp//libhal_bsp.a(altera_avalon_jtag_uart_write.o)
                                0x1d4 (size before relaxing)
 .debug_str     0x0000043c       0x1f /data/pace/scratch03/tractp1/hardware/altera/testing/software/bsp//libhal_bsp.a(alt_dcache_flush_all.o)
                                0x114 (size before relaxing)
 .debug_str     0x0000045b       0x30 /data/pace/scratch03/tractp1/hardware/altera/testing/software/bsp//libhal_bsp.a(alt_icache_flush_all.o)
                                0x12d (size before relaxing)
 .debug_str     0x0000048b       0x20 /data/pace/scratch03/tractp1/hardware/altera/testing/software/bsp//libhal_bsp.a(altera_nios2_qsys_irq.o)
                                0x11b (size before relaxing)
 .debug_str     0x000004ab       0x1b /data/pace/scratch03/tractp1/hardware/altera/testing/software/bsp//libhal_bsp.a(alt_icache_flush.o)
                                0x11a (size before relaxing)
 .debug_str     0x000004c6       0xd1 /data/pace/scratch03/tractp1/altera/13.1/nios2eds/bin/gnu/H-i686-pc-linux-gnu/bin/../lib/gcc/nios2-elf/4.7.3/../../../../../H-i686-pc-linux-gnu/nios2-elf/lib/libsmallc.a(lib_a-strlen.o)
                                0x183 (size before relaxing)

.debug_loc      0x00000000      0x1f1
 *(.debug_loc)
 .debug_loc     0x00000000       0x20 obj/default/hello_world_small.o
 .debug_loc     0x00000020       0x20 /data/pace/scratch03/tractp1/hardware/altera/testing/software/bsp//libhal_bsp.a(alt_load.o)
 .debug_loc     0x00000040       0x20 /data/pace/scratch03/tractp1/hardware/altera/testing/software/bsp//libhal_bsp.a(alt_main.o)
 .debug_loc     0x00000060       0x57 /data/pace/scratch03/tractp1/hardware/altera/testing/software/bsp//libhal_bsp.a(alt_putstr.o)
 .debug_loc     0x000000b7       0x41 /data/pace/scratch03/tractp1/hardware/altera/testing/software/bsp//libhal_bsp.a(alt_sys_init.o)
 .debug_loc     0x000000f8       0x7e /data/pace/scratch03/tractp1/hardware/altera/testing/software/bsp//libhal_bsp.a(altera_avalon_jtag_uart_write.o)
 .debug_loc     0x00000176       0x52 /data/pace/scratch03/tractp1/hardware/altera/testing/software/bsp//libhal_bsp.a(alt_icache_flush.o)
 .debug_loc     0x000001c8       0x29 /data/pace/scratch03/tractp1/altera/13.1/nios2eds/bin/gnu/H-i686-pc-linux-gnu/bin/../lib/gcc/nios2-elf/4.7.3/../../../../../H-i686-pc-linux-gnu/nios2-elf/lib/libsmallc.a(lib_a-strlen.o)

.debug_macinfo
 *(.debug_macinfo)

.debug_weaknames
 *(.debug_weaknames)

.debug_funcnames
 *(.debug_funcnames)

.debug_typenames
 *(.debug_typenames)

.debug_varnames
 *(.debug_varnames)

.debug_alt_sim_info
                0x00000000       0x20
 *(.debug_alt_sim_info)
 .debug_alt_sim_info
                0x00000000       0x20 /data/pace/scratch03/tractp1/hardware/altera/testing/software/bsp//obj/HAL/src/crt0.o
                0x0001fffc                __alt_data_end = 0x1fffc
                0x0001fffc                PROVIDE (__alt_stack_pointer, __alt_data_end)
                0x00010328                PROVIDE (__alt_stack_limit, __alt_stack_base)
                0x00010328                PROVIDE (__alt_heap_start, end)
                0x0001fffc                PROVIDE (__alt_heap_limit, 0x1fffc)
OUTPUT(testing_hello_world_small.elf elf32-littlenios2)

.debug_ranges   0x00000000       0x78
 .debug_ranges  0x00000000       0x20 /data/pace/scratch03/tractp1/hardware/altera/testing/software/bsp//obj/HAL/src/crt0.o
 .debug_ranges  0x00000020       0x10 obj/default/hello_world_small.o
 .debug_ranges  0x00000030       0x48 /data/pace/scratch03/tractp1/hardware/altera/testing/software/bsp//libhal_bsp.a(alt_load.o)
